nohup: ignoring input
PHP Warning:  Module 'curl' already loaded in Unknown on line 0
PHP Warning:  Module 'fileinfo' already loaded in Unknown on line 0
PHP Warning:  Module 'curl' already loaded in Unknown on line 0
PHP Warning:  Module 'fileinfo' already loaded in Unknown on line 0
PHP Warning:  Module 'curl' already loaded in Unknown on line 0
PHP Warning:  Module 'fileinfo' already loaded in Unknown on line 0
PHP Warning:  Module 'curl' already loaded in Unknown on line 0
PHP Warning:  Module 'fileinfo' already loaded in Unknown on line 0
PHP Warning:  Module 'curl' already loaded in Unknown on line 0
PHP Warning:  Module 'fileinfo' already loaded in Unknown on line 0
PHP Warning:  Module 'curl' already loaded in Unknown on line 0
PHP Warning:  Module 'fileinfo' already loaded in Unknown on line 0
PHP Warning:  Module 'curl' already loaded in Unknown on line 0
PHP Warning:  Module 'fileinfo' already loaded in Unknown on line 0
PHP Warning:  Module 'curl' already loaded in Unknown on line 0
PHP Warning:  Module 'fileinfo' already loaded in Unknown on line 0
PHP Warning:  Module 'curl' already loaded in Unknown on line 0
PHP Warning:  Module 'fileinfo' already loaded in Unknown on line 0
PHP Warning:  Module 'curl' already loaded in Unknown on line 0
PHP Warning:  Module 'fileinfo' already loaded in Unknown on line 0
PHP Warning:  Module 'curl' already loaded in Unknown on line 0
PHP Warning:  Module 'fileinfo' already loaded in Unknown on line 0
PHP Warning:  Module 'curl' already loaded in Unknown on line 0
PHP Warning:  Module 'fileinfo' already loaded in Unknown on line 0
PHP Warning:  Module 'curl' already loaded in Unknown on line 0
PHP Warning:  Module 'fileinfo' already loaded in Unknown on line 0
PHP Warning:  Module 'curl' already loaded in Unknown on line 0
PHP Warning:  Module 'fileinfo' already loaded in Unknown on line 0
PHP Warning:  Module 'curl' already loaded in Unknown on line 0
PHP Warning:  Module 'fileinfo' already loaded in Unknown on line 0
PHP Warning:  Module 'curl' already loaded in Unknown on line 0
PHP Warning:  Module 'fileinfo' already loaded in Unknown on line 0
PHP Warning:  Module 'curl' already loaded in Unknown on line 0
PHP Warning:  Module 'fileinfo' already loaded in Unknown on line 0
PHP Warning:  Module 'curl' already loaded in Unknown on line 0
PHP Warning:  Module 'fileinfo' already loaded in Unknown on line 0
PHP Warning:  Module 'curl' already loaded in Unknown on line 0
PHP Warning:  Module 'fileinfo' already loaded in Unknown on line 0
PHP Warning:  Module 'curl' already loaded in Unknown on line 0
PHP Warning:  Module 'fileinfo' already loaded in Unknown on line 0
PHP Warning:  Module 'curl' already loaded in Unknown on line 0
PHP Warning:  Module 'fileinfo' already loaded in Unknown on line 0
PHP Warning:  Module 'curl' already loaded in Unknown on line 0
PHP Warning:  Module 'fileinfo' already loaded in Unknown on line 0
PHP Warning:  Module 'curl' already loaded in Unknown on line 0
PHP Warning:  Module 'fileinfo' already loaded in Unknown on line 0
PHP Warning:  Module 'curl' already loaded in Unknown on line 0
PHP Warning:  Module 'fileinfo' already loaded in Unknown on line 0
PHP Warning:  Module 'curl' already loaded in Unknown on line 0
PHP Warning:  Module 'fileinfo' already loaded in Unknown on line 0
PHP Warning:  Module 'curl' already loaded in Unknown on line 0
PHP Warning:  Module 'fileinfo' already loaded in Unknown on line 0
PHP Warning:  Module 'curl' already loaded in Unknown on line 0
PHP Warning:  Module 'fileinfo' already loaded in Unknown on line 0
PHP Warning:  Module 'curl' already loaded in Unknown on line 0
PHP Warning:  Module 'fileinfo' already loaded in Unknown on line 0
PHP Warning:  Module 'curl' already loaded in Unknown on line 0
PHP Warning:  Module 'fileinfo' already loaded in Unknown on line 0
PHP Warning:  Module 'curl' already loaded in Unknown on line 0
PHP Warning:  Module 'fileinfo' already loaded in Unknown on line 0
PHP Warning:  Module 'curl' already loaded in Unknown on line 0
PHP Warning:  Module 'fileinfo' already loaded in Unknown on line 0
PHP Warning:  Module 'curl' already loaded in Unknown on line 0
PHP Warning:  Module 'fileinfo' already loaded in Unknown on line 0
PHP Warning:  Module 'curl' already loaded in Unknown on line 0
PHP Warning:  Module 'fileinfo' already loaded in Unknown on line 0
PHP Warning:  Module 'curl' already loaded in Unknown on line 0
PHP Warning:  Module 'fileinfo' already loaded in Unknown on line 0
PHP Warning:  Module 'curl' already loaded in Unknown on line 0
PHP Warning:  Module 'fileinfo' already loaded in Unknown on line 0
PHP Warning:  Module 'curl' already loaded in Unknown on line 0
PHP Warning:  Module 'fileinfo' already loaded in Unknown on line 0
PHP Warning:  Module 'curl' already loaded in Unknown on line 0
PHP Warning:  Module 'fileinfo' already loaded in Unknown on line 0
PHP Warning:  Module 'curl' already loaded in Unknown on line 0
PHP Warning:  Module 'fileinfo' already loaded in Unknown on line 0
PHP Warning:  Module 'curl' already loaded in Unknown on line 0
PHP Warning:  Module 'fileinfo' already loaded in Unknown on line 0
PHP Warning:  Module 'curl' already loaded in Unknown on line 0
PHP Warning:  Module 'fileinfo' already loaded in Unknown on line 0
PHP Warning:  Module 'curl' already loaded in Unknown on line 0
PHP Warning:  Module 'fileinfo' already loaded in Unknown on line 0
PHP Warning:  Module 'curl' already loaded in Unknown on line 0
PHP Warning:  Module 'fileinfo' already loaded in Unknown on line 0
PHP Warning:  Module 'curl' already loaded in Unknown on line 0
PHP Warning:  Module 'fileinfo' already loaded in Unknown on line 0
PHP Warning:  Module 'curl' already loaded in Unknown on line 0
PHP Warning:  Module 'fileinfo' already loaded in Unknown on line 0
PHP Warning:  Module 'curl' already loaded in Unknown on line 0
PHP Warning:  Module 'fileinfo' already loaded in Unknown on line 0
PHP Warning:  Module 'curl' already loaded in Unknown on line 0
PHP Warning:  Module 'fileinfo' already loaded in Unknown on line 0
PHP Warning:  Module 'curl' already loaded in Unknown on line 0
PHP Warning:  Module 'fileinfo' already loaded in Unknown on line 0
[2020-01-21 23:35:11][1] Processing: App\Jobs\Send
[2020-01-21 23:35:12][1] Processed:  App\Jobs\Send
PHP Warning:  Module 'curl' already loaded in Unknown on line 0
PHP Warning:  Module 'fileinfo' already loaded in Unknown on line 0
[2020-01-21 23:35:12][2] Processing: App\Jobs\Send
[2020-01-21 23:35:12][2] Processed:  App\Jobs\Send
PHP Warning:  Module 'curl' already loaded in Unknown on line 0
PHP Warning:  Module 'fileinfo' already loaded in Unknown on line 0
[2020-01-21 23:35:12][3] Processing: App\Jobs\Send
[2020-01-21 23:35:12][3] Processed:  App\Jobs\Send
PHP Warning:  Module 'curl' already loaded in Unknown on line 0
PHP Warning:  Module 'fileinfo' already loaded in Unknown on line 0
[2020-01-21 23:35:13][4] Processing: App\Jobs\Send
[2020-01-21 23:35:13][4] Processed:  App\Jobs\Send
PHP Warning:  Module 'curl' already loaded in Unknown on line 0
PHP Warning:  Module 'fileinfo' already loaded in Unknown on line 0
[2020-01-21 23:35:13][5] Processing: App\Jobs\Send
[2020-01-21 23:35:13][5] Processed:  App\Jobs\Send
PHP Warning:  Module 'curl' already loaded in Unknown on line 0
PHP Warning:  Module 'fileinfo' already loaded in Unknown on line 0
[2020-01-21 23:35:13][6] Processing: App\Jobs\Send
[2020-01-21 23:35:13][6] Processed:  App\Jobs\Send
PHP Warning:  Module 'curl' already loaded in Unknown on line 0
PHP Warning:  Module 'fileinfo' already loaded in Unknown on line 0
[2020-01-21 23:35:14][7] Processing: App\Jobs\Send
[2020-01-21 23:35:14][7] Processed:  App\Jobs\Send
PHP Warning:  Module 'curl' already loaded in Unknown on line 0
PHP Warning:  Module 'fileinfo' already loaded in Unknown on line 0
[2020-01-21 23:35:14][8] Processing: App\Jobs\Send
[2020-01-21 23:35:14][8] Processed:  App\Jobs\Send
PHP Warning:  Module 'curl' already loaded in Unknown on line 0
PHP Warning:  Module 'fileinfo' already loaded in Unknown on line 0
[2020-01-21 23:35:14][9] Processing: App\Jobs\Send
[2020-01-21 23:35:15][9] Processed:  App\Jobs\Send
PHP Warning:  Module 'curl' already loaded in Unknown on line 0
PHP Warning:  Module 'fileinfo' already loaded in Unknown on line 0
[2020-01-21 23:35:15][10] Processing: App\Jobs\Send
[2020-01-21 23:35:15][10] Processed:  App\Jobs\Send
PHP Warning:  Module 'curl' already loaded in Unknown on line 0
PHP Warning:  Module 'fileinfo' already loaded in Unknown on line 0
[2020-01-21 23:35:15][11] Processing: App\Jobs\Send
[2020-01-21 23:35:15][11] Processed:  App\Jobs\Send
PHP Warning:  Module 'curl' already loaded in Unknown on line 0
PHP Warning:  Module 'fileinfo' already loaded in Unknown on line 0
[2020-01-21 23:35:16][12] Processing: App\Jobs\Send
[2020-01-21 23:35:16][12] Processed:  App\Jobs\Send
PHP Warning:  Module 'curl' already loaded in Unknown on line 0
PHP Warning:  Module 'fileinfo' already loaded in Unknown on line 0
[2020-01-21 23:35:16][13] Processing: App\Jobs\Send
[2020-01-21 23:35:16][13] Processed:  App\Jobs\Send
PHP Warning:  Module 'curl' already loaded in Unknown on line 0
PHP Warning:  Module 'fileinfo' already loaded in Unknown on line 0
[2020-01-21 23:35:16][14] Processing: App\Jobs\Send
[2020-01-21 23:35:16][14] Processed:  App\Jobs\Send
PHP Warning:  Module 'curl' already loaded in Unknown on line 0
PHP Warning:  Module 'fileinfo' already loaded in Unknown on line 0
[2020-01-21 23:35:17][15] Processing: App\Jobs\Send
[2020-01-21 23:35:17][15] Processed:  App\Jobs\Send
PHP Warning:  Module 'curl' already loaded in Unknown on line 0
PHP Warning:  Module 'fileinfo' already loaded in Unknown on line 0
[2020-01-21 23:35:17][16] Processing: App\Jobs\Send
[2020-01-21 23:35:17][16] Processed:  App\Jobs\Send
PHP Warning:  Module 'curl' already loaded in Unknown on line 0
PHP Warning:  Module 'fileinfo' already loaded in Unknown on line 0
[2020-01-21 23:35:17][17] Processing: App\Jobs\Send
[2020-01-21 23:35:18][17] Processed:  App\Jobs\Send
PHP Warning:  Module 'curl' already loaded in Unknown on line 0
PHP Warning:  Module 'fileinfo' already loaded in Unknown on line 0
[2020-01-21 23:35:18][18] Processing: App\Jobs\Send
[2020-01-21 23:35:18][18] Processed:  App\Jobs\Send
PHP Warning:  Module 'curl' already loaded in Unknown on line 0
PHP Warning:  Module 'fileinfo' already loaded in Unknown on line 0
[2020-01-21 23:35:18][19] Processing: App\Jobs\Send
[2020-01-21 23:35:18][19] Processed:  App\Jobs\Send
PHP Warning:  Module 'curl' already loaded in Unknown on line 0
PHP Warning:  Module 'fileinfo' already loaded in Unknown on line 0
[2020-01-21 23:35:19][20] Processing: App\Jobs\Send
[2020-01-21 23:35:19][20] Processed:  App\Jobs\Send
PHP Warning:  Module 'curl' already loaded in Unknown on line 0
PHP Warning:  Module 'fileinfo' already loaded in Unknown on line 0
[2020-01-21 23:35:19][21] Processing: App\Jobs\Send
[2020-01-21 23:35:19][21] Processed:  App\Jobs\Send
PHP Warning:  Module 'curl' already loaded in Unknown on line 0
PHP Warning:  Module 'fileinfo' already loaded in Unknown on line 0
[2020-01-21 23:35:19][22] Processing: App\Jobs\Send
[2020-01-21 23:35:20][22] Processed:  App\Jobs\Send
PHP Warning:  Module 'curl' already loaded in Unknown on line 0
PHP Warning:  Module 'fileinfo' already loaded in Unknown on line 0
[2020-01-21 23:35:20][23] Processing: App\Jobs\Send
[2020-01-21 23:35:20][23] Processed:  App\Jobs\Send
PHP Warning:  Module 'curl' already loaded in Unknown on line 0
PHP Warning:  Module 'fileinfo' already loaded in Unknown on line 0
[2020-01-21 23:35:20][24] Processing: App\Jobs\Send
[2020-01-21 23:35:20][24] Processed:  App\Jobs\Send
PHP Warning:  Module 'curl' already loaded in Unknown on line 0
PHP Warning:  Module 'fileinfo' already loaded in Unknown on line 0
[2020-01-21 23:35:21][25] Processing: App\Jobs\Send
[2020-01-21 23:35:21][25] Processed:  App\Jobs\Send
PHP Warning:  Module 'curl' already loaded in Unknown on line 0
PHP Warning:  Module 'fileinfo' already loaded in Unknown on line 0
[2020-01-21 23:35:21][26] Processing: App\Jobs\Send
[2020-01-21 23:35:21][26] Processed:  App\Jobs\Send
PHP Warning:  Module 'curl' already loaded in Unknown on line 0
PHP Warning:  Module 'fileinfo' already loaded in Unknown on line 0
[2020-01-21 23:35:21][27] Processing: App\Jobs\Send
[2020-01-21 23:35:22][27] Processed:  App\Jobs\Send
PHP Warning:  Module 'curl' already loaded in Unknown on line 0
PHP Warning:  Module 'fileinfo' already loaded in Unknown on line 0
[2020-01-21 23:35:22][28] Processing: App\Jobs\Send
[2020-01-21 23:35:22][28] Processed:  App\Jobs\Send
PHP Warning:  Module 'curl' already loaded in Unknown on line 0
PHP Warning:  Module 'fileinfo' already loaded in Unknown on line 0
[2020-01-21 23:35:22][29] Processing: App\Jobs\Send
[2020-01-21 23:35:22][29] Processed:  App\Jobs\Send
PHP Warning:  Module 'curl' already loaded in Unknown on line 0
PHP Warning:  Module 'fileinfo' already loaded in Unknown on line 0
[2020-01-21 23:35:23][30] Processing: App\Jobs\Send
[2020-01-21 23:35:23][30] Processed:  App\Jobs\Send
PHP Warning:  Module 'curl' already loaded in Unknown on line 0
PHP Warning:  Module 'fileinfo' already loaded in Unknown on line 0
PHP Warning:  Module 'curl' already loaded in Unknown on line 0
PHP Warning:  Module 'fileinfo' already loaded in Unknown on line 0
PHP Warning:  Module 'curl' already loaded in Unknown on line 0
PHP Warning:  Module 'fileinfo' already loaded in Unknown on line 0
PHP Warning:  Module 'curl' already loaded in Unknown on line 0
PHP Warning:  Module 'fileinfo' already loaded in Unknown on line 0
PHP Warning:  Module 'curl' already loaded in Unknown on line 0
PHP Warning:  Module 'fileinfo' already loaded in Unknown on line 0
PHP Warning:  Module 'curl' already loaded in Unknown on line 0
PHP Warning:  Module 'fileinfo' already loaded in Unknown on line 0
PHP Warning:  Module 'curl' already loaded in Unknown on line 0
PHP Warning:  Module 'fileinfo' already loaded in Unknown on line 0
PHP Warning:  Module 'curl' already loaded in Unknown on line 0
PHP Warning:  Module 'fileinfo' already loaded in Unknown on line 0
PHP Warning:  Module 'curl' already loaded in Unknown on line 0
PHP Warning:  Module 'fileinfo' already loaded in Unknown on line 0
PHP Warning:  Module 'curl' already loaded in Unknown on line 0
PHP Warning:  Module 'fileinfo' already loaded in Unknown on line 0
PHP Warning:  Module 'curl' already loaded in Unknown on line 0
PHP Warning:  Module 'fileinfo' already loaded in Unknown on line 0
PHP Warning:  Module 'curl' already loaded in Unknown on line 0
PHP Warning:  Module 'fileinfo' already loaded in Unknown on line 0
PHP Warning:  Module 'curl' already loaded in Unknown on line 0
PHP Warning:  Module 'fileinfo' already loaded in Unknown on line 0
PHP Warning:  Module 'curl' already loaded in Unknown on line 0
PHP Warning:  Module 'fileinfo' already loaded in Unknown on line 0
PHP Warning:  Module 'curl' already loaded in Unknown on line 0
PHP Warning:  Module 'fileinfo' already loaded in Unknown on line 0
PHP Warning:  Module 'curl' already loaded in Unknown on line 0
PHP Warning:  Module 'fileinfo' already loaded in Unknown on line 0
PHP Warning:  Module 'curl' already loaded in Unknown on line 0
PHP Warning:  Module 'fileinfo' already loaded in Unknown on line 0
PHP Warning:  Module 'curl' already loaded in Unknown on line 0
PHP Warning:  Module 'fileinfo' already loaded in Unknown on line 0
PHP Warning:  Module 'curl' already loaded in Unknown on line 0
PHP Warning:  Module 'fileinfo' already loaded in Unknown on line 0
PHP Warning:  Module 'curl' already loaded in Unknown on line 0
PHP Warning:  Module 'fileinfo' already loaded in Unknown on line 0
PHP Warning:  Module 'curl' already loaded in Unknown on line 0
PHP Warning:  Module 'fileinfo' already loaded in Unknown on line 0
PHP Warning:  Module 'curl' already loaded in Unknown on line 0
PHP Warning:  Module 'fileinfo' already loaded in Unknown on line 0
PHP Warning:  Module 'curl' already loaded in Unknown on line 0
PHP Warning:  Module 'fileinfo' already loaded in Unknown on line 0
PHP Warning:  Module 'curl' already loaded in Unknown on line 0
PHP Warning:  Module 'fileinfo' already loaded in Unknown on line 0
PHP Warning:  Module 'curl' already loaded in Unknown on line 0
PHP Warning:  Module 'fileinfo' already loaded in Unknown on line 0
PHP Warning:  Module 'curl' already loaded in Unknown on line 0
PHP Warning:  Module 'fileinfo' already loaded in Unknown on line 0
[2020-01-21 23:36:43][31] Processing: App\Jobs\Send
[2020-01-21 23:36:43][31] Processed:  App\Jobs\Send
PHP Warning:  Module 'curl' already loaded in Unknown on line 0
PHP Warning:  Module 'fileinfo' already loaded in Unknown on line 0
[2020-01-21 23:36:44][32] Processing: App\Jobs\Send
[2020-01-21 23:36:44][32] Processed:  App\Jobs\Send
PHP Warning:  Module 'curl' already loaded in Unknown on line 0
PHP Warning:  Module 'fileinfo' already loaded in Unknown on line 0
[2020-01-21 23:36:44][33] Processing: App\Jobs\Send
[2020-01-21 23:36:44][33] Processed:  App\Jobs\Send
PHP Warning:  Module 'curl' already loaded in Unknown on line 0
PHP Warning:  Module 'fileinfo' already loaded in Unknown on line 0
[2020-01-21 23:36:45][34] Processing: App\Jobs\Send
[2020-01-21 23:36:45][34] Processed:  App\Jobs\Send
PHP Warning:  Module 'curl' already loaded in Unknown on line 0
PHP Warning:  Module 'fileinfo' already loaded in Unknown on line 0
[2020-01-21 23:36:45][35] Processing: App\Jobs\Send
[2020-01-21 23:36:45][35] Processed:  App\Jobs\Send
PHP Warning:  Module 'curl' already loaded in Unknown on line 0
PHP Warning:  Module 'fileinfo' already loaded in Unknown on line 0
[2020-01-21 23:36:45][36] Processing: App\Jobs\Send
[2020-01-21 23:36:45][36] Processed:  App\Jobs\Send
PHP Warning:  Module 'curl' already loaded in Unknown on line 0
PHP Warning:  Module 'fileinfo' already loaded in Unknown on line 0
[2020-01-21 23:36:46][37] Processing: App\Jobs\Send
[2020-01-21 23:36:46][37] Processed:  App\Jobs\Send
PHP Warning:  Module 'curl' already loaded in Unknown on line 0
PHP Warning:  Module 'fileinfo' already loaded in Unknown on line 0
[2020-01-21 23:36:46][38] Processing: App\Jobs\Send
[2020-01-21 23:36:46][38] Processed:  App\Jobs\Send
PHP Warning:  Module 'curl' already loaded in Unknown on line 0
PHP Warning:  Module 'fileinfo' already loaded in Unknown on line 0
[2020-01-21 23:36:46][39] Processing: App\Jobs\Send
[2020-01-21 23:36:47][39] Processed:  App\Jobs\Send
PHP Warning:  Module 'curl' already loaded in Unknown on line 0
PHP Warning:  Module 'fileinfo' already loaded in Unknown on line 0
[2020-01-21 23:36:47][40] Processing: App\Jobs\Send
[2020-01-21 23:36:47][40] Processed:  App\Jobs\Send
PHP Warning:  Module 'curl' already loaded in Unknown on line 0
PHP Warning:  Module 'fileinfo' already loaded in Unknown on line 0
[2020-01-21 23:36:47][41] Processing: App\Jobs\Send
[2020-01-21 23:36:47][41] Processed:  App\Jobs\Send
PHP Warning:  Module 'curl' already loaded in Unknown on line 0
PHP Warning:  Module 'fileinfo' already loaded in Unknown on line 0
[2020-01-21 23:36:48][42] Processing: App\Jobs\Send
[2020-01-21 23:36:48][42] Processed:  App\Jobs\Send
PHP Warning:  Module 'curl' already loaded in Unknown on line 0
PHP Warning:  Module 'fileinfo' already loaded in Unknown on line 0
[2020-01-21 23:36:48][43] Processing: App\Jobs\Send
[2020-01-21 23:36:48][43] Processed:  App\Jobs\Send
PHP Warning:  Module 'curl' already loaded in Unknown on line 0
PHP Warning:  Module 'fileinfo' already loaded in Unknown on line 0
[2020-01-21 23:36:48][44] Processing: App\Jobs\Send
[2020-01-21 23:36:49][44] Processed:  App\Jobs\Send
PHP Warning:  Module 'curl' already loaded in Unknown on line 0
PHP Warning:  Module 'fileinfo' already loaded in Unknown on line 0
[2020-01-21 23:36:49][45] Processing: App\Jobs\Send
[2020-01-21 23:36:49][45] Processed:  App\Jobs\Send
PHP Warning:  Module 'curl' already loaded in Unknown on line 0
PHP Warning:  Module 'fileinfo' already loaded in Unknown on line 0
[2020-01-21 23:36:49][46] Processing: App\Jobs\Send
[2020-01-21 23:36:49][46] Processed:  App\Jobs\Send
PHP Warning:  Module 'curl' already loaded in Unknown on line 0
PHP Warning:  Module 'fileinfo' already loaded in Unknown on line 0
[2020-01-21 23:36:50][47] Processing: App\Jobs\Send
[2020-01-21 23:36:50][47] Processed:  App\Jobs\Send
PHP Warning:  Module 'curl' already loaded in Unknown on line 0
PHP Warning:  Module 'fileinfo' already loaded in Unknown on line 0
[2020-01-21 23:36:50][48] Processing: App\Jobs\Send
[2020-01-21 23:36:50][48] Processed:  App\Jobs\Send
PHP Warning:  Module 'curl' already loaded in Unknown on line 0
PHP Warning:  Module 'fileinfo' already loaded in Unknown on line 0
[2020-01-21 23:36:50][49] Processing: App\Jobs\Send
[2020-01-21 23:36:51][49] Processed:  App\Jobs\Send
PHP Warning:  Module 'curl' already loaded in Unknown on line 0
PHP Warning:  Module 'fileinfo' already loaded in Unknown on line 0
[2020-01-21 23:36:51][50] Processing: App\Jobs\Send
[2020-01-21 23:36:51][50] Processed:  App\Jobs\Send
PHP Warning:  Module 'curl' already loaded in Unknown on line 0
PHP Warning:  Module 'fileinfo' already loaded in Unknown on line 0
[2020-01-21 23:36:51][51] Processing: App\Jobs\Send
[2020-01-21 23:36:51][51] Processed:  App\Jobs\Send
PHP Warning:  Module 'curl' already loaded in Unknown on line 0
PHP Warning:  Module 'fileinfo' already loaded in Unknown on line 0
[2020-01-21 23:36:52][52] Processing: App\Jobs\Send
[2020-01-21 23:36:52][52] Processed:  App\Jobs\Send
PHP Warning:  Module 'curl' already loaded in Unknown on line 0
PHP Warning:  Module 'fileinfo' already loaded in Unknown on line 0
[2020-01-21 23:36:52][53] Processing: App\Jobs\Send
[2020-01-21 23:36:52][53] Processed:  App\Jobs\Send
PHP Warning:  Module 'curl' already loaded in Unknown on line 0
PHP Warning:  Module 'fileinfo' already loaded in Unknown on line 0
[2020-01-21 23:36:52][54] Processing: App\Jobs\Send
[2020-01-21 23:36:52][54] Processed:  App\Jobs\Send
PHP Warning:  Module 'curl' already loaded in Unknown on line 0
PHP Warning:  Module 'fileinfo' already loaded in Unknown on line 0
[2020-01-21 23:36:53][55] Processing: App\Jobs\Send
[2020-01-21 23:36:53][55] Processed:  App\Jobs\Send
PHP Warning:  Module 'curl' already loaded in Unknown on line 0
PHP Warning:  Module 'fileinfo' already loaded in Unknown on line 0
[2020-01-21 23:36:53][56] Processing: App\Jobs\Send
[2020-01-21 23:36:53][56] Processed:  App\Jobs\Send
PHP Warning:  Module 'curl' already loaded in Unknown on line 0
PHP Warning:  Module 'fileinfo' already loaded in Unknown on line 0
[2020-01-21 23:36:53][57] Processing: App\Jobs\Send
[2020-01-21 23:36:54][57] Processed:  App\Jobs\Send
PHP Warning:  Module 'curl' already loaded in Unknown on line 0
PHP Warning:  Module 'fileinfo' already loaded in Unknown on line 0
[2020-01-21 23:36:54][58] Processing: App\Jobs\Send
[2020-01-21 23:36:54][58] Processed:  App\Jobs\Send
PHP Warning:  Module 'curl' already loaded in Unknown on line 0
PHP Warning:  Module 'fileinfo' already loaded in Unknown on line 0
[2020-01-21 23:36:54][59] Processing: App\Jobs\Send
[2020-01-21 23:36:54][59] Processed:  App\Jobs\Send
PHP Warning:  Module 'curl' already loaded in Unknown on line 0
PHP Warning:  Module 'fileinfo' already loaded in Unknown on line 0
[2020-01-21 23:36:55][60] Processing: App\Jobs\Send
[2020-01-21 23:36:55][60] Processed:  App\Jobs\Send
PHP Warning:  Module 'curl' already loaded in Unknown on line 0
PHP Warning:  Module 'fileinfo' already loaded in Unknown on line 0
PHP Warning:  Module 'curl' already loaded in Unknown on line 0
PHP Warning:  Module 'fileinfo' already loaded in Unknown on line 0
PHP Warning:  Module 'curl' already loaded in Unknown on line 0
PHP Warning:  Module 'fileinfo' already loaded in Unknown on line 0
[2020-01-21 23:37:02][61] Processing: App\Jobs\Send
[2020-01-21 23:37:02][61] Processed:  App\Jobs\Send
PHP Warning:  Module 'curl' already loaded in Unknown on line 0
PHP Warning:  Module 'fileinfo' already loaded in Unknown on line 0
[2020-01-21 23:37:02][62] Processing: App\Jobs\Send
[2020-01-21 23:37:02][62] Processed:  App\Jobs\Send
PHP Warning:  Module 'curl' already loaded in Unknown on line 0
PHP Warning:  Module 'fileinfo' already loaded in Unknown on line 0
[2020-01-21 23:37:02][63] Processing: App\Jobs\Send
[2020-01-21 23:37:03][63] Processed:  App\Jobs\Send
PHP Warning:  Module 'curl' already loaded in Unknown on line 0
PHP Warning:  Module 'fileinfo' already loaded in Unknown on line 0
[2020-01-21 23:37:03][64] Processing: App\Jobs\Send
[2020-01-21 23:37:03][64] Processed:  App\Jobs\Send
PHP Warning:  Module 'curl' already loaded in Unknown on line 0
PHP Warning:  Module 'fileinfo' already loaded in Unknown on line 0
[2020-01-21 23:37:03][65] Processing: App\Jobs\Send
[2020-01-21 23:37:03][65] Processed:  App\Jobs\Send
PHP Warning:  Module 'curl' already loaded in Unknown on line 0
PHP Warning:  Module 'fileinfo' already loaded in Unknown on line 0
[2020-01-21 23:37:04][66] Processing: App\Jobs\Send
[2020-01-21 23:37:04][66] Processed:  App\Jobs\Send
PHP Warning:  Module 'curl' already loaded in Unknown on line 0
PHP Warning:  Module 'fileinfo' already loaded in Unknown on line 0
[2020-01-21 23:37:04][67] Processing: App\Jobs\Send
[2020-01-21 23:37:04][67] Processed:  App\Jobs\Send
PHP Warning:  Module 'curl' already loaded in Unknown on line 0
PHP Warning:  Module 'fileinfo' already loaded in Unknown on line 0
[2020-01-21 23:37:04][68] Processing: App\Jobs\Send
[2020-01-21 23:37:05][68] Processed:  App\Jobs\Send
PHP Warning:  Module 'curl' already loaded in Unknown on line 0
PHP Warning:  Module 'fileinfo' already loaded in Unknown on line 0
[2020-01-21 23:37:05][69] Processing: App\Jobs\Send
[2020-01-21 23:37:06][69] Processed:  App\Jobs\Send
PHP Warning:  Module 'curl' already loaded in Unknown on line 0
PHP Warning:  Module 'fileinfo' already loaded in Unknown on line 0
[2020-01-21 23:37:06][70] Processing: App\Jobs\Send
[2020-01-21 23:37:06][70] Processed:  App\Jobs\Send
PHP Warning:  Module 'curl' already loaded in Unknown on line 0
PHP Warning:  Module 'fileinfo' already loaded in Unknown on line 0
[2020-01-21 23:37:06][71] Processing: App\Jobs\Send
[2020-01-21 23:37:07][71] Processed:  App\Jobs\Send
PHP Warning:  Module 'curl' already loaded in Unknown on line 0
PHP Warning:  Module 'fileinfo' already loaded in Unknown on line 0
[2020-01-21 23:37:07][72] Processing: App\Jobs\Send
[2020-01-21 23:37:07][72] Processed:  App\Jobs\Send
PHP Warning:  Module 'curl' already loaded in Unknown on line 0
PHP Warning:  Module 'fileinfo' already loaded in Unknown on line 0
[2020-01-21 23:37:07][73] Processing: App\Jobs\Send
[2020-01-21 23:37:07][73] Processed:  App\Jobs\Send
PHP Warning:  Module 'curl' already loaded in Unknown on line 0
PHP Warning:  Module 'fileinfo' already loaded in Unknown on line 0
[2020-01-21 23:37:07][74] Processing: App\Jobs\Send
[2020-01-21 23:37:08][74] Processed:  App\Jobs\Send
PHP Warning:  Module 'curl' already loaded in Unknown on line 0
PHP Warning:  Module 'fileinfo' already loaded in Unknown on line 0
[2020-01-21 23:37:08][75] Processing: App\Jobs\Send
[2020-01-21 23:37:08][75] Processed:  App\Jobs\Send
PHP Warning:  Module 'curl' already loaded in Unknown on line 0
PHP Warning:  Module 'fileinfo' already loaded in Unknown on line 0
[2020-01-21 23:37:08][76] Processing: App\Jobs\Send
[2020-01-21 23:37:09][76] Processed:  App\Jobs\Send
PHP Warning:  Module 'curl' already loaded in Unknown on line 0
PHP Warning:  Module 'fileinfo' already loaded in Unknown on line 0
[2020-01-21 23:37:09][77] Processing: App\Jobs\Send
[2020-01-21 23:37:09][77] Processed:  App\Jobs\Send
PHP Warning:  Module 'curl' already loaded in Unknown on line 0
PHP Warning:  Module 'fileinfo' already loaded in Unknown on line 0
[2020-01-21 23:37:09][78] Processing: App\Jobs\Send
[2020-01-21 23:37:09][78] Processed:  App\Jobs\Send
PHP Warning:  Module 'curl' already loaded in Unknown on line 0
PHP Warning:  Module 'fileinfo' already loaded in Unknown on line 0
[2020-01-21 23:37:10][79] Processing: App\Jobs\Send
[2020-01-21 23:37:10][79] Processed:  App\Jobs\Send
PHP Warning:  Module 'curl' already loaded in Unknown on line 0
PHP Warning:  Module 'fileinfo' already loaded in Unknown on line 0
[2020-01-21 23:37:10][80] Processing: App\Jobs\Send
[2020-01-21 23:37:10][80] Processed:  App\Jobs\Send
PHP Warning:  Module 'curl' already loaded in Unknown on line 0
PHP Warning:  Module 'fileinfo' already loaded in Unknown on line 0
[2020-01-21 23:37:10][81] Processing: App\Jobs\Send
[2020-01-21 23:37:11][81] Processed:  App\Jobs\Send
PHP Warning:  Module 'curl' already loaded in Unknown on line 0
PHP Warning:  Module 'fileinfo' already loaded in Unknown on line 0
[2020-01-21 23:37:11][82] Processing: App\Jobs\Send
[2020-01-21 23:37:11][82] Processed:  App\Jobs\Send
PHP Warning:  Module 'curl' already loaded in Unknown on line 0
PHP Warning:  Module 'fileinfo' already loaded in Unknown on line 0
[2020-01-21 23:37:11][83] Processing: App\Jobs\Send
[2020-01-21 23:37:11][83] Processed:  App\Jobs\Send
PHP Warning:  Module 'curl' already loaded in Unknown on line 0
PHP Warning:  Module 'fileinfo' already loaded in Unknown on line 0
[2020-01-21 23:37:12][84] Processing: App\Jobs\Send
[2020-01-21 23:37:12][84] Processed:  App\Jobs\Send
PHP Warning:  Module 'curl' already loaded in Unknown on line 0
PHP Warning:  Module 'fileinfo' already loaded in Unknown on line 0
[2020-01-21 23:37:12][85] Processing: App\Jobs\Send
[2020-01-21 23:37:12][85] Processed:  App\Jobs\Send
PHP Warning:  Module 'curl' already loaded in Unknown on line 0
PHP Warning:  Module 'fileinfo' already loaded in Unknown on line 0
[2020-01-21 23:37:12][86] Processing: App\Jobs\Send
[2020-01-21 23:37:13][86] Processed:  App\Jobs\Send
PHP Warning:  Module 'curl' already loaded in Unknown on line 0
PHP Warning:  Module 'fileinfo' already loaded in Unknown on line 0
[2020-01-21 23:37:13][87] Processing: App\Jobs\Send
[2020-01-21 23:37:13][87] Processed:  App\Jobs\Send
PHP Warning:  Module 'curl' already loaded in Unknown on line 0
PHP Warning:  Module 'fileinfo' already loaded in Unknown on line 0
[2020-01-21 23:37:13][88] Processing: App\Jobs\Send
[2020-01-21 23:37:13][88] Processed:  App\Jobs\Send
PHP Warning:  Module 'curl' already loaded in Unknown on line 0
PHP Warning:  Module 'fileinfo' already loaded in Unknown on line 0
[2020-01-21 23:37:14][89] Processing: App\Jobs\Send
[2020-01-21 23:37:14][89] Processed:  App\Jobs\Send
PHP Warning:  Module 'curl' already loaded in Unknown on line 0
PHP Warning:  Module 'fileinfo' already loaded in Unknown on line 0
[2020-01-21 23:37:14][90] Processing: App\Jobs\Send
[2020-01-21 23:37:14][90] Processed:  App\Jobs\Send
PHP Warning:  Module 'curl' already loaded in Unknown on line 0
PHP Warning:  Module 'fileinfo' already loaded in Unknown on line 0
PHP Warning:  Module 'curl' already loaded in Unknown on line 0
PHP Warning:  Module 'fileinfo' already loaded in Unknown on line 0
[2020-01-21 23:37:18][91] Processing: App\Jobs\Send
[2020-01-21 23:37:18][91] Processed:  App\Jobs\Send
PHP Warning:  Module 'curl' already loaded in Unknown on line 0
PHP Warning:  Module 'fileinfo' already loaded in Unknown on line 0
[2020-01-21 23:37:18][92] Processing: App\Jobs\Send
[2020-01-21 23:37:18][92] Processed:  App\Jobs\Send
PHP Warning:  Module 'curl' already loaded in Unknown on line 0
PHP Warning:  Module 'fileinfo' already loaded in Unknown on line 0
[2020-01-21 23:37:19][93] Processing: App\Jobs\Send
[2020-01-21 23:37:19][93] Processed:  App\Jobs\Send
PHP Warning:  Module 'curl' already loaded in Unknown on line 0
PHP Warning:  Module 'fileinfo' already loaded in Unknown on line 0
[2020-01-21 23:37:19][94] Processing: App\Jobs\Send
[2020-01-21 23:37:19][94] Processed:  App\Jobs\Send
PHP Warning:  Module 'curl' already loaded in Unknown on line 0
PHP Warning:  Module 'fileinfo' already loaded in Unknown on line 0
[2020-01-21 23:37:19][95] Processing: App\Jobs\Send
[2020-01-21 23:37:20][95] Processed:  App\Jobs\Send
PHP Warning:  Module 'curl' already loaded in Unknown on line 0
PHP Warning:  Module 'fileinfo' already loaded in Unknown on line 0
[2020-01-21 23:37:20][96] Processing: App\Jobs\Send
[2020-01-21 23:37:20][96] Processed:  App\Jobs\Send
PHP Warning:  Module 'curl' already loaded in Unknown on line 0
PHP Warning:  Module 'fileinfo' already loaded in Unknown on line 0
[2020-01-21 23:37:20][97] Processing: App\Jobs\Send
[2020-01-21 23:37:20][97] Processed:  App\Jobs\Send
PHP Warning:  Module 'curl' already loaded in Unknown on line 0
PHP Warning:  Module 'fileinfo' already loaded in Unknown on line 0
[2020-01-21 23:37:21][98] Processing: App\Jobs\Send
[2020-01-21 23:37:21][98] Processed:  App\Jobs\Send
PHP Warning:  Module 'curl' already loaded in Unknown on line 0
PHP Warning:  Module 'fileinfo' already loaded in Unknown on line 0
[2020-01-21 23:37:21][99] Processing: App\Jobs\Send
[2020-01-21 23:37:21][99] Processed:  App\Jobs\Send
PHP Warning:  Module 'curl' already loaded in Unknown on line 0
PHP Warning:  Module 'fileinfo' already loaded in Unknown on line 0
[2020-01-21 23:37:21][100] Processing: App\Jobs\Send
[2020-01-21 23:37:22][100] Processed:  App\Jobs\Send
PHP Warning:  Module 'curl' already loaded in Unknown on line 0
PHP Warning:  Module 'fileinfo' already loaded in Unknown on line 0
[2020-01-21 23:37:22][101] Processing: App\Jobs\Send
[2020-01-21 23:37:22][101] Processed:  App\Jobs\Send
PHP Warning:  Module 'curl' already loaded in Unknown on line 0
PHP Warning:  Module 'fileinfo' already loaded in Unknown on line 0
[2020-01-21 23:37:22][102] Processing: App\Jobs\Send
[2020-01-21 23:37:22][102] Processed:  App\Jobs\Send
PHP Warning:  Module 'curl' already loaded in Unknown on line 0
PHP Warning:  Module 'fileinfo' already loaded in Unknown on line 0
[2020-01-21 23:37:23][103] Processing: App\Jobs\Send
[2020-01-21 23:37:23][103] Processed:  App\Jobs\Send
PHP Warning:  Module 'curl' already loaded in Unknown on line 0
PHP Warning:  Module 'fileinfo' already loaded in Unknown on line 0
[2020-01-21 23:37:23][104] Processing: App\Jobs\Send
[2020-01-21 23:37:23][104] Processed:  App\Jobs\Send
PHP Warning:  Module 'curl' already loaded in Unknown on line 0
PHP Warning:  Module 'fileinfo' already loaded in Unknown on line 0
[2020-01-21 23:37:24][105] Processing: App\Jobs\Send
[2020-01-21 23:37:24][105] Processed:  App\Jobs\Send
PHP Warning:  Module 'curl' already loaded in Unknown on line 0
PHP Warning:  Module 'fileinfo' already loaded in Unknown on line 0
[2020-01-21 23:37:24][106] Processing: App\Jobs\Send
[2020-01-21 23:37:24][106] Processed:  App\Jobs\Send
PHP Warning:  Module 'curl' already loaded in Unknown on line 0
PHP Warning:  Module 'fileinfo' already loaded in Unknown on line 0
[2020-01-21 23:37:24][107] Processing: App\Jobs\Send
[2020-01-21 23:37:25][107] Processed:  App\Jobs\Send
PHP Warning:  Module 'curl' already loaded in Unknown on line 0
PHP Warning:  Module 'fileinfo' already loaded in Unknown on line 0
[2020-01-21 23:37:25][108] Processing: App\Jobs\Send
[2020-01-21 23:37:25][108] Processed:  App\Jobs\Send
PHP Warning:  Module 'curl' already loaded in Unknown on line 0
PHP Warning:  Module 'fileinfo' already loaded in Unknown on line 0
[2020-01-21 23:37:25][109] Processing: App\Jobs\Send
[2020-01-21 23:37:25][109] Processed:  App\Jobs\Send
PHP Warning:  Module 'curl' already loaded in Unknown on line 0
PHP Warning:  Module 'fileinfo' already loaded in Unknown on line 0
[2020-01-21 23:37:26][110] Processing: App\Jobs\Send
[2020-01-21 23:37:26][110] Processed:  App\Jobs\Send
PHP Warning:  Module 'curl' already loaded in Unknown on line 0
PHP Warning:  Module 'fileinfo' already loaded in Unknown on line 0
[2020-01-21 23:37:26][111] Processing: App\Jobs\Send
[2020-01-21 23:37:26][111] Processed:  App\Jobs\Send
PHP Warning:  Module 'curl' already loaded in Unknown on line 0
PHP Warning:  Module 'fileinfo' already loaded in Unknown on line 0
[2020-01-21 23:37:26][112] Processing: App\Jobs\Send
[2020-01-21 23:37:27][112] Processed:  App\Jobs\Send
PHP Warning:  Module 'curl' already loaded in Unknown on line 0
PHP Warning:  Module 'fileinfo' already loaded in Unknown on line 0
[2020-01-21 23:37:27][113] Processing: App\Jobs\Send
[2020-01-21 23:37:27][113] Processed:  App\Jobs\Send
PHP Warning:  Module 'curl' already loaded in Unknown on line 0
PHP Warning:  Module 'fileinfo' already loaded in Unknown on line 0
[2020-01-21 23:37:27][114] Processing: App\Jobs\Send
[2020-01-21 23:37:27][114] Processed:  App\Jobs\Send
PHP Warning:  Module 'curl' already loaded in Unknown on line 0
PHP Warning:  Module 'fileinfo' already loaded in Unknown on line 0
[2020-01-21 23:37:28][115] Processing: App\Jobs\Send
[2020-01-21 23:37:28][115] Processed:  App\Jobs\Send
PHP Warning:  Module 'curl' already loaded in Unknown on line 0
PHP Warning:  Module 'fileinfo' already loaded in Unknown on line 0
[2020-01-21 23:37:28][116] Processing: App\Jobs\Send
[2020-01-21 23:37:28][116] Processed:  App\Jobs\Send
PHP Warning:  Module 'curl' already loaded in Unknown on line 0
PHP Warning:  Module 'fileinfo' already loaded in Unknown on line 0
[2020-01-21 23:37:28][117] Processing: App\Jobs\Send
[2020-01-21 23:37:29][117] Processed:  App\Jobs\Send
PHP Warning:  Module 'curl' already loaded in Unknown on line 0
PHP Warning:  Module 'fileinfo' already loaded in Unknown on line 0
[2020-01-21 23:37:29][118] Processing: App\Jobs\Send
[2020-01-21 23:37:29][118] Processed:  App\Jobs\Send
PHP Warning:  Module 'curl' already loaded in Unknown on line 0
PHP Warning:  Module 'fileinfo' already loaded in Unknown on line 0
[2020-01-21 23:37:29][119] Processing: App\Jobs\Send
[2020-01-21 23:37:29][119] Processed:  App\Jobs\Send
PHP Warning:  Module 'curl' already loaded in Unknown on line 0
PHP Warning:  Module 'fileinfo' already loaded in Unknown on line 0
[2020-01-21 23:37:30][120] Processing: App\Jobs\Send
[2020-01-21 23:37:30][120] Processed:  App\Jobs\Send
PHP Warning:  Module 'curl' already loaded in Unknown on line 0
PHP Warning:  Module 'fileinfo' already loaded in Unknown on line 0
PHP Warning:  Module 'curl' already loaded in Unknown on line 0
PHP Warning:  Module 'fileinfo' already loaded in Unknown on line 0
PHP Warning:  Module 'curl' already loaded in Unknown on line 0
PHP Warning:  Module 'fileinfo' already loaded in Unknown on line 0
PHP Warning:  Module 'curl' already loaded in Unknown on line 0
PHP Warning:  Module 'fileinfo' already loaded in Unknown on line 0
PHP Warning:  Module 'curl' already loaded in Unknown on line 0
PHP Warning:  Module 'fileinfo' already loaded in Unknown on line 0
PHP Warning:  Module 'curl' already loaded in Unknown on line 0
PHP Warning:  Module 'fileinfo' already loaded in Unknown on line 0
PHP Warning:  Module 'curl' already loaded in Unknown on line 0
PHP Warning:  Module 'fileinfo' already loaded in Unknown on line 0
PHP Warning:  Module 'curl' already loaded in Unknown on line 0
PHP Warning:  Module 'fileinfo' already loaded in Unknown on line 0
PHP Warning:  Module 'curl' already loaded in Unknown on line 0
PHP Warning:  Module 'fileinfo' already loaded in Unknown on line 0
PHP Warning:  Module 'curl' already loaded in Unknown on line 0
PHP Warning:  Module 'fileinfo' already loaded in Unknown on line 0
PHP Warning:  Module 'curl' already loaded in Unknown on line 0
PHP Warning:  Module 'fileinfo' already loaded in Unknown on line 0
PHP Warning:  Module 'curl' already loaded in Unknown on line 0
PHP Warning:  Module 'fileinfo' already loaded in Unknown on line 0
PHP Warning:  Module 'curl' already loaded in Unknown on line 0
PHP Warning:  Module 'fileinfo' already loaded in Unknown on line 0
PHP Warning:  Module 'curl' already loaded in Unknown on line 0
PHP Warning:  Module 'fileinfo' already loaded in Unknown on line 0
PHP Warning:  Module 'curl' already loaded in Unknown on line 0
PHP Warning:  Module 'fileinfo' already loaded in Unknown on line 0
PHP Warning:  Module 'curl' already loaded in Unknown on line 0
PHP Warning:  Module 'fileinfo' already loaded in Unknown on line 0
PHP Warning:  Module 'curl' already loaded in Unknown on line 0
PHP Warning:  Module 'fileinfo' already loaded in Unknown on line 0
PHP Warning:  Module 'curl' already loaded in Unknown on line 0
PHP Warning:  Module 'fileinfo' already loaded in Unknown on line 0
PHP Warning:  Module 'curl' already loaded in Unknown on line 0
PHP Warning:  Module 'fileinfo' already loaded in Unknown on line 0
PHP Warning:  Module 'curl' already loaded in Unknown on line 0
PHP Warning:  Module 'fileinfo' already loaded in Unknown on line 0
PHP Warning:  Module 'curl' already loaded in Unknown on line 0
PHP Warning:  Module 'fileinfo' already loaded in Unknown on line 0
PHP Warning:  Module 'curl' already loaded in Unknown on line 0
PHP Warning:  Module 'fileinfo' already loaded in Unknown on line 0
PHP Warning:  Module 'curl' already loaded in Unknown on line 0
PHP Warning:  Module 'fileinfo' already loaded in Unknown on line 0
PHP Warning:  Module 'curl' already loaded in Unknown on line 0
PHP Warning:  Module 'fileinfo' already loaded in Unknown on line 0
PHP Warning:  Module 'curl' already loaded in Unknown on line 0
PHP Warning:  Module 'fileinfo' already loaded in Unknown on line 0
PHP Warning:  Module 'curl' already loaded in Unknown on line 0
PHP Warning:  Module 'fileinfo' already loaded in Unknown on line 0
PHP Warning:  Module 'curl' already loaded in Unknown on line 0
PHP Warning:  Module 'fileinfo' already loaded in Unknown on line 0
PHP Warning:  Module 'curl' already loaded in Unknown on line 0
PHP Warning:  Module 'fileinfo' already loaded in Unknown on line 0
PHP Warning:  Module 'curl' already loaded in Unknown on line 0
PHP Warning:  Module 'fileinfo' already loaded in Unknown on line 0
PHP Warning:  Module 'curl' already loaded in Unknown on line 0
PHP Warning:  Module 'fileinfo' already loaded in Unknown on line 0
PHP Warning:  Module 'curl' already loaded in Unknown on line 0
PHP Warning:  Module 'fileinfo' already loaded in Unknown on line 0
PHP Warning:  Module 'curl' already loaded in Unknown on line 0
PHP Warning:  Module 'fileinfo' already loaded in Unknown on line 0
PHP Warning:  Module 'curl' already loaded in Unknown on line 0
PHP Warning:  Module 'fileinfo' already loaded in Unknown on line 0
[2020-01-21 23:39:13][121] Processing: App\Jobs\Send
[2020-01-21 23:39:13][121] Processed:  App\Jobs\Send
PHP Warning:  Module 'curl' already loaded in Unknown on line 0
PHP Warning:  Module 'fileinfo' already loaded in Unknown on line 0
[2020-01-21 23:39:13][122] Processing: App\Jobs\Send
[2020-01-21 23:39:14][122] Processed:  App\Jobs\Send
PHP Warning:  Module 'curl' already loaded in Unknown on line 0
PHP Warning:  Module 'fileinfo' already loaded in Unknown on line 0
[2020-01-21 23:39:14][123] Processing: App\Jobs\Send
[2020-01-21 23:39:14][123] Processed:  App\Jobs\Send
PHP Warning:  Module 'curl' already loaded in Unknown on line 0
PHP Warning:  Module 'fileinfo' already loaded in Unknown on line 0
[2020-01-21 23:39:14][124] Processing: App\Jobs\Send
[2020-01-21 23:39:14][124] Processed:  App\Jobs\Send
PHP Warning:  Module 'curl' already loaded in Unknown on line 0
PHP Warning:  Module 'fileinfo' already loaded in Unknown on line 0
[2020-01-21 23:39:15][125] Processing: App\Jobs\Send
[2020-01-21 23:39:15][125] Processed:  App\Jobs\Send
PHP Warning:  Module 'curl' already loaded in Unknown on line 0
PHP Warning:  Module 'fileinfo' already loaded in Unknown on line 0
[2020-01-21 23:39:15][126] Processing: App\Jobs\Send
[2020-01-21 23:39:15][126] Processed:  App\Jobs\Send
PHP Warning:  Module 'curl' already loaded in Unknown on line 0
PHP Warning:  Module 'fileinfo' already loaded in Unknown on line 0
[2020-01-21 23:39:15][127] Processing: App\Jobs\Send
[2020-01-21 23:39:16][127] Processed:  App\Jobs\Send
PHP Warning:  Module 'curl' already loaded in Unknown on line 0
PHP Warning:  Module 'fileinfo' already loaded in Unknown on line 0
[2020-01-21 23:39:16][128] Processing: App\Jobs\Send
[2020-01-21 23:39:16][128] Processed:  App\Jobs\Send
PHP Warning:  Module 'curl' already loaded in Unknown on line 0
PHP Warning:  Module 'fileinfo' already loaded in Unknown on line 0
[2020-01-21 23:39:16][129] Processing: App\Jobs\Send
[2020-01-21 23:39:16][129] Processed:  App\Jobs\Send
PHP Warning:  Module 'curl' already loaded in Unknown on line 0
PHP Warning:  Module 'fileinfo' already loaded in Unknown on line 0
[2020-01-21 23:39:17][130] Processing: App\Jobs\Send
[2020-01-21 23:39:17][130] Processed:  App\Jobs\Send
PHP Warning:  Module 'curl' already loaded in Unknown on line 0
PHP Warning:  Module 'fileinfo' already loaded in Unknown on line 0
[2020-01-21 23:39:17][131] Processing: App\Jobs\Send
[2020-01-21 23:39:17][131] Processed:  App\Jobs\Send
PHP Warning:  Module 'curl' already loaded in Unknown on line 0
PHP Warning:  Module 'fileinfo' already loaded in Unknown on line 0
[2020-01-21 23:39:18][132] Processing: App\Jobs\Send
[2020-01-21 23:39:18][132] Processed:  App\Jobs\Send
PHP Warning:  Module 'curl' already loaded in Unknown on line 0
PHP Warning:  Module 'fileinfo' already loaded in Unknown on line 0
[2020-01-21 23:39:18][133] Processing: App\Jobs\Send
[2020-01-21 23:39:18][133] Processed:  App\Jobs\Send
PHP Warning:  Module 'curl' already loaded in Unknown on line 0
PHP Warning:  Module 'fileinfo' already loaded in Unknown on line 0
[2020-01-21 23:39:18][134] Processing: App\Jobs\Send
[2020-01-21 23:39:19][134] Processed:  App\Jobs\Send
PHP Warning:  Module 'curl' already loaded in Unknown on line 0
PHP Warning:  Module 'fileinfo' already loaded in Unknown on line 0
[2020-01-21 23:39:19][135] Processing: App\Jobs\Send
[2020-01-21 23:39:19][135] Processed:  App\Jobs\Send
PHP Warning:  Module 'curl' already loaded in Unknown on line 0
PHP Warning:  Module 'fileinfo' already loaded in Unknown on line 0
[2020-01-21 23:39:19][136] Processing: App\Jobs\Send
[2020-01-21 23:39:19][136] Processed:  App\Jobs\Send
PHP Warning:  Module 'curl' already loaded in Unknown on line 0
PHP Warning:  Module 'fileinfo' already loaded in Unknown on line 0
[2020-01-21 23:39:20][137] Processing: App\Jobs\Send
[2020-01-21 23:39:20][137] Processed:  App\Jobs\Send
PHP Warning:  Module 'curl' already loaded in Unknown on line 0
PHP Warning:  Module 'fileinfo' already loaded in Unknown on line 0
[2020-01-21 23:39:20][138] Processing: App\Jobs\Send
[2020-01-21 23:39:20][138] Processed:  App\Jobs\Send
PHP Warning:  Module 'curl' already loaded in Unknown on line 0
PHP Warning:  Module 'fileinfo' already loaded in Unknown on line 0
[2020-01-21 23:39:20][139] Processing: App\Jobs\Send
[2020-01-21 23:39:21][139] Processed:  App\Jobs\Send
PHP Warning:  Module 'curl' already loaded in Unknown on line 0
PHP Warning:  Module 'fileinfo' already loaded in Unknown on line 0
[2020-01-21 23:39:21][140] Processing: App\Jobs\Send
[2020-01-21 23:39:21][140] Processed:  App\Jobs\Send
PHP Warning:  Module 'curl' already loaded in Unknown on line 0
PHP Warning:  Module 'fileinfo' already loaded in Unknown on line 0
[2020-01-21 23:39:21][141] Processing: App\Jobs\Send
[2020-01-21 23:39:21][141] Processed:  App\Jobs\Send
PHP Warning:  Module 'curl' already loaded in Unknown on line 0
PHP Warning:  Module 'fileinfo' already loaded in Unknown on line 0
[2020-01-21 23:39:22][142] Processing: App\Jobs\Send
[2020-01-21 23:39:22][142] Processed:  App\Jobs\Send
PHP Warning:  Module 'curl' already loaded in Unknown on line 0
PHP Warning:  Module 'fileinfo' already loaded in Unknown on line 0
[2020-01-21 23:39:22][143] Processing: App\Jobs\Send
[2020-01-21 23:39:22][143] Processed:  App\Jobs\Send
PHP Warning:  Module 'curl' already loaded in Unknown on line 0
PHP Warning:  Module 'fileinfo' already loaded in Unknown on line 0
[2020-01-21 23:39:22][144] Processing: App\Jobs\Send
[2020-01-21 23:39:23][144] Processed:  App\Jobs\Send
PHP Warning:  Module 'curl' already loaded in Unknown on line 0
PHP Warning:  Module 'fileinfo' already loaded in Unknown on line 0
[2020-01-21 23:39:23][145] Processing: App\Jobs\Send
[2020-01-21 23:39:23][145] Processed:  App\Jobs\Send
PHP Warning:  Module 'curl' already loaded in Unknown on line 0
PHP Warning:  Module 'fileinfo' already loaded in Unknown on line 0
[2020-01-21 23:39:23][146] Processing: App\Jobs\Send
[2020-01-21 23:39:23][146] Processed:  App\Jobs\Send
PHP Warning:  Module 'curl' already loaded in Unknown on line 0
PHP Warning:  Module 'fileinfo' already loaded in Unknown on line 0
[2020-01-21 23:39:24][147] Processing: App\Jobs\Send
[2020-01-21 23:39:24][147] Processed:  App\Jobs\Send
PHP Warning:  Module 'curl' already loaded in Unknown on line 0
PHP Warning:  Module 'fileinfo' already loaded in Unknown on line 0
[2020-01-21 23:39:24][148] Processing: App\Jobs\Send
[2020-01-21 23:39:24][148] Processed:  App\Jobs\Send
PHP Warning:  Module 'curl' already loaded in Unknown on line 0
PHP Warning:  Module 'fileinfo' already loaded in Unknown on line 0
[2020-01-21 23:39:25][149] Processing: App\Jobs\Send
[2020-01-21 23:39:25][149] Processed:  App\Jobs\Send
PHP Warning:  Module 'curl' already loaded in Unknown on line 0
PHP Warning:  Module 'fileinfo' already loaded in Unknown on line 0
[2020-01-21 23:39:25][150] Processing: App\Jobs\Send
[2020-01-21 23:39:25][150] Processed:  App\Jobs\Send
PHP Warning:  Module 'curl' already loaded in Unknown on line 0
PHP Warning:  Module 'fileinfo' already loaded in Unknown on line 0
PHP Warning:  Module 'curl' already loaded in Unknown on line 0
PHP Warning:  Module 'fileinfo' already loaded in Unknown on line 0
PHP Warning:  Module 'curl' already loaded in Unknown on line 0
PHP Warning:  Module 'fileinfo' already loaded in Unknown on line 0
PHP Warning:  Module 'curl' already loaded in Unknown on line 0
PHP Warning:  Module 'fileinfo' already loaded in Unknown on line 0
PHP Warning:  Module 'curl' already loaded in Unknown on line 0
PHP Warning:  Module 'fileinfo' already loaded in Unknown on line 0
PHP Warning:  Module 'curl' already loaded in Unknown on line 0
PHP Warning:  Module 'fileinfo' already loaded in Unknown on line 0
PHP Warning:  Module 'curl' already loaded in Unknown on line 0
PHP Warning:  Module 'fileinfo' already loaded in Unknown on line 0
PHP Warning:  Module 'curl' already loaded in Unknown on line 0
PHP Warning:  Module 'fileinfo' already loaded in Unknown on line 0
PHP Warning:  Module 'curl' already loaded in Unknown on line 0
PHP Warning:  Module 'fileinfo' already loaded in Unknown on line 0
PHP Warning:  Module 'curl' already loaded in Unknown on line 0
PHP Warning:  Module 'fileinfo' already loaded in Unknown on line 0
PHP Warning:  Module 'curl' already loaded in Unknown on line 0
PHP Warning:  Module 'fileinfo' already loaded in Unknown on line 0
PHP Warning:  Module 'curl' already loaded in Unknown on line 0
PHP Warning:  Module 'fileinfo' already loaded in Unknown on line 0
PHP Warning:  Module 'curl' already loaded in Unknown on line 0
PHP Warning:  Module 'fileinfo' already loaded in Unknown on line 0
PHP Warning:  Module 'curl' already loaded in Unknown on line 0
PHP Warning:  Module 'fileinfo' already loaded in Unknown on line 0
PHP Warning:  Module 'curl' already loaded in Unknown on line 0
PHP Warning:  Module 'fileinfo' already loaded in Unknown on line 0
PHP Warning:  Module 'curl' already loaded in Unknown on line 0
PHP Warning:  Module 'fileinfo' already loaded in Unknown on line 0
PHP Warning:  Module 'curl' already loaded in Unknown on line 0
PHP Warning:  Module 'fileinfo' already loaded in Unknown on line 0
PHP Warning:  Module 'curl' already loaded in Unknown on line 0
PHP Warning:  Module 'fileinfo' already loaded in Unknown on line 0
PHP Warning:  Module 'curl' already loaded in Unknown on line 0
PHP Warning:  Module 'fileinfo' already loaded in Unknown on line 0
